[0m13:19:46.000258 [debug] [MainThread]: Sending event: {'category': 'dbt', 'action': 'invocation', 'label': 'start', 'context': [<snowplow_tracker.self_describing_json.SelfDescribingJson object at 0x0000017F35BB50D0>, <snowplow_tracker.self_describing_json.SelfDescribingJson object at 0x0000017F34B80890>, <snowplow_tracker.self_describing_json.SelfDescribingJson object at 0x0000017F35BB7FD0>]}


============================== 13:19:46.000258 | 13a3a1e6-da57-45ee-b5e0-52d25fac2dfe ==============================
[0m13:19:46.000258 [info ] [MainThread]: Running with dbt=1.11.7
[0m13:19:46.000258 [debug] [MainThread]: running dbt with arguments {'static_parser': 'True', 'no_print': 'None', 'version_check': 'True', 'warn_error_options': 'WarnErrorOptionsV2(error=[], warn=[], silence=[])', 'target_path': 'None', 'printer_width': '80', 'write_json': 'True', 'introspect': 'True', 'log_cache_events': 'False', 'empty': 'None', 'cache_selected_only': 'False', 'fail_fast': 'False', 'debug': 'False', 'log_format': 'default', 'partial_parse': 'True', 'send_anonymous_usage_stats': 'True', 'quiet': 'False', 'warn_error': 'None', 'profiles_dir': 'C:\\Users\\harsh\\.dbt', 'use_colors': 'True', 'indirect_selection': 'eager', 'invocation_command': 'dbt init sentinel_dbt', 'use_experimental_parser': 'False', 'log_path': 'logs'}
[0m13:19:46.008605 [info ] [MainThread]: Creating dbt configuration folder at C:\Users\harsh\.dbt
[0m13:19:46.019735 [debug] [MainThread]: Starter project path: C:\Users\harsh\sentinel-data-platform\dbt_project\venv\Lib\site-packages\dbt\include\starter_project
[0m13:19:46.025753 [info ] [MainThread]: 
Your new dbt project "sentinel_dbt" was created!

For more information on how to configure the profiles.yml file,
please consult the dbt documentation here:

  https://docs.getdbt.com/docs/configure-your-profile

One more thing:

Need help? Don't hesitate to reach out to us via GitHub issues or on Slack:

  https://community.getdbt.com/

Happy modeling!

[0m13:19:46.034810 [info ] [MainThread]: Setting up your profile.
[0m13:22:30.961556 [info ] [MainThread]: Profile sentinel_dbt written to C:\Users\harsh\.dbt\profiles.yml using target's profile_template.yml and your supplied values. Run 'dbt debug' to validate the connection.
[0m13:22:30.980771 [debug] [MainThread]: Command `dbt init` succeeded at 13:22:30.980771 after 165.05 seconds
[0m13:22:30.983488 [debug] [MainThread]: Sending event: {'category': 'dbt', 'action': 'invocation', 'label': 'end', 'context': [<snowplow_tracker.self_describing_json.SelfDescribingJson object at 0x0000017F2DDDE5D0>, <snowplow_tracker.self_describing_json.SelfDescribingJson object at 0x0000017F33CBDED0>, <snowplow_tracker.self_describing_json.SelfDescribingJson object at 0x0000017F3492B810>]}
[0m13:22:30.984865 [debug] [MainThread]: Flushing usage events
[0m13:22:32.163661 [debug] [MainThread]: An error was encountered while trying to flush usage events
[0m13:31:15.134650 [debug] [MainThread]: Sending event: {'category': 'dbt', 'action': 'invocation', 'label': 'start', 'context': [<snowplow_tracker.self_describing_json.SelfDescribingJson object at 0x000002BB7AC30050>, <snowplow_tracker.self_describing_json.SelfDescribingJson object at 0x000002BB7F4D7810>, <snowplow_tracker.self_describing_json.SelfDescribingJson object at 0x000002BB7F4D7A90>]}


============================== 13:31:15.138548 | ae7de13d-fcff-46be-b23c-aca727f63d01 ==============================
[0m13:31:15.138548 [info ] [MainThread]: Running with dbt=1.11.7
[0m13:31:15.138548 [debug] [MainThread]: running dbt with arguments {'static_parser': 'True', 'no_print': 'None', 'version_check': 'True', 'warn_error_options': 'WarnErrorOptionsV2(error=[], warn=[], silence=[])', 'target_path': 'None', 'printer_width': '80', 'write_json': 'True', 'introspect': 'True', 'log_cache_events': 'False', 'empty': 'False', 'cache_selected_only': 'False', 'fail_fast': 'False', 'debug': 'False', 'log_format': 'default', 'partial_parse': 'True', 'send_anonymous_usage_stats': 'True', 'quiet': 'False', 'warn_error': 'None', 'profiles_dir': 'C:\\Users\\harsh\\.dbt', 'invocation_command': 'dbt run', 'indirect_selection': 'eager', 'use_colors': 'True', 'use_experimental_parser': 'False', 'log_path': 'logs'}
[0m13:31:15.138548 [error] [MainThread]: Encountered an error:
Runtime Error
  No dbt_project.yml found at expected path C:\Users\harsh\sentinel-data-platform\dbt_project\dbt_project.yml
  Verify that each entry within packages.yml (and their transitive dependencies) contains a file named dbt_project.yml
  
[0m13:31:15.138548 [debug] [MainThread]: Command `dbt run` failed at 13:31:15.138548 after 0.09 seconds
[0m13:31:15.138548 [debug] [MainThread]: Sending event: {'category': 'dbt', 'action': 'invocation', 'label': 'end', 'context': [<snowplow_tracker.self_describing_json.SelfDescribingJson object at 0x000002BB7E41D750>, <snowplow_tracker.self_describing_json.SelfDescribingJson object at 0x000002BB779B4CD0>, <snowplow_tracker.self_describing_json.SelfDescribingJson object at 0x000002BB7E4E0050>]}
[0m13:31:15.138548 [debug] [MainThread]: Flushing usage events
[0m13:31:16.049561 [debug] [MainThread]: An error was encountered while trying to flush usage events
